[ok] BIDEA: 31 words @ 24fps
[ok] BDEFS: 33 words @ 24fps
[ok] B00: 24 words @ 24fps
[ok] B01: 24 words @ 24fps
[ok] B02: 24 words @ 24fps
[ok] B03: 25 words @ 24fps
[ok] B04: 25 words @ 24fps
[ok] B05: 23 words @ 24fps
[ok] B06: 25 words @ 24fps
[ok] B07: 26 words @ 24fps
[ok] B08: 25 words @ 24fps
[ok] B09: 25 words @ 24fps
[ok] B10: 26 words @ 24fps
[ok] B11: 25 words @ 24fps
[ok] B12: 27 words @ 24fps
[ok] B13: 27 words @ 24fps
[ok] B14: 25 words @ 24fps
[ok] B15: 26 words @ 24fps
[ok] B16: 26 words @ 24fps
[ok] B17: 26 words @ 24fps
[ok] B18: 26 words @ 24fps
[ok] B19: 25 words @ 24fps
[ok] B20: 24 words @ 24fps
[ok] B21: 27 words @ 24fps
[ok] B22: 27 words @ 24fps
[ok] B23: 27 words @ 24fps
[ok] BCREDIT: 32 words @ 24fps
[ok] BHTF: 43 words @ 24fps
[ok] BOUT: 9 words @ 24fps
[ok] wrote youtube/show-tell-24-isometric-props/mp3/words.json  (aligned 29, fallback 0)
