[kokoro] beat-BIDEA.mp3  12.71s  voice=am_onyx
[kokoro] beat-BDEFS.mp3  10.77s  voice=am_onyx
[kokoro] beat-B00.mp3  8.51s  voice=am_onyx
[kokoro] beat-B01.mp3  8.55s  voice=am_onyx
[kokoro] beat-B02.mp3  8.85s  voice=am_onyx
[kokoro] beat-B03.mp3  8.51s  voice=am_onyx
[kokoro] beat-B04.mp3  9.05s  voice=am_onyx
[kokoro] beat-B05.mp3  8.98s  voice=am_onyx
[kokoro] beat-B06.mp3  9.73s  voice=am_onyx
[kokoro] beat-B07.mp3  8.38s  voice=am_onyx
[kokoro] beat-B08.mp3  9.11s  voice=am_onyx
[kokoro] beat-B09.mp3  8.90s  voice=am_onyx
[kokoro] beat-B10.mp3  9.47s  voice=am_onyx
[kokoro] beat-B11.mp3  9.56s  voice=am_onyx
[kokoro] beat-B12.mp3  9.32s  voice=am_onyx
[kokoro] beat-B13.mp3  8.90s  voice=am_onyx
[kokoro] beat-B14.mp3  8.68s  voice=am_onyx
[kokoro] beat-B15.mp3  8.23s  voice=am_onyx
[kokoro] beat-B16.mp3  9.90s  voice=am_onyx
[kokoro] beat-B17.mp3  9.39s  voice=am_onyx
[kokoro] beat-B18.mp3  8.77s  voice=am_onyx
[kokoro] beat-B19.mp3  8.79s  voice=am_onyx
[kokoro] beat-B20.mp3  9.90s  voice=am_onyx
[kokoro] beat-B21.mp3  9.05s  voice=am_onyx
[kokoro] beat-B22.mp3  9.62s  voice=am_onyx
[kokoro] beat-B23.mp3  8.49s  voice=am_onyx
[kokoro] beat-BCREDIT.mp3  12.35s  voice=am_onyx
[kokoro] beat-BHTF.mp3  13.44s  voice=am_onyx
[kokoro] beat-BOUT.mp3  4.20s  voice=am_onyx
[kokoro] 29 beat(s) generated · cost $0.00 · durations are GROUND TRUTH, same as generate_audio.py
