[typecheck] wrote /Users/bear/Documents/CoWork/bear-textbooks/books/brutalist.art/youtube/show-tell-24-isometric-props/TYPECHECK.md
[typecheck] §8.10 BIDEA: SKIP
[typecheck] §8.10 BDEFS: SKIP
[typecheck] §8.10 B00: SKIP
[typecheck] §8.10 B01: SKIP
[typecheck] §8.10 B02: SKIP
[typecheck] §8.10 B03: SKIP
[typecheck] §8.10 B04: SKIP
[typecheck] §8.10 B05: SKIP
[typecheck] §8.10 B06: SKIP
[typecheck] §8.10 B07: SKIP
[typecheck] §8.10 B08: SKIP
[typecheck] §8.10 B09: SKIP
[typecheck] §8.10 B10: SKIP
[typecheck] §8.10 B11: SKIP
[typecheck] §8.10 B12: SKIP
[typecheck] §8.10 B13: SKIP
[typecheck] §8.10 B14: SKIP
[typecheck] §8.10 B15: SKIP
[typecheck] §8.10 B16: SKIP
[typecheck] §8.10 B17: SKIP
[typecheck] §8.10 B18: SKIP
[typecheck] §8.10 B19: SKIP
[typecheck] §8.10 B20: SKIP
[typecheck] §8.10 B21: SKIP
[typecheck] §8.10 B22: SKIP
[typecheck] §8.10 B23: SKIP
[typecheck] §8.10 BCREDIT: SKIP
[typecheck] §8.10 BHTF: SKIP
[typecheck] §8.10 BOUT: SKIP
[typecheck] GATE T: FAIL (2 pixel beats, 0 sweep, 0 shape)
